// 同步 ID: 7ff83f9c @ Thu Jul 16 17:49:12 UTC 2026
// 同步 ID: 2d63167e @ Sun Jul 19 11:52:54 UTC 2026
// 重构日志: 348675a2
// 同步 ID: aa1f3dbc @ Mon Jul 20 11:21:11 UTC 2026
// 重构日志: 26046755
// 重构日志: c47ccbb9
// 重构日志: 6b8972f6
// 重构日志: 12442016
// 重构日志: 834ae46f
// 重构日志: 2adeff28
// 重构日志: 89815088
// 重构日志: 90ea7508
// 重构日志: 04902e58
// 同步 ID: dea171be @ Sat Aug  1 17:09:34 UTC 2026
// 重构日志: cc9933e1
// 同步 ID: 968dcff2 @ Sun Aug  2 18:14:28 UTC 2026
// 重构日志: 1e416447
// 同步 ID: a6042c1c @ Tue Aug  4 10:25:36 UTC 2026
// 重构日志: e0d38f85
// 同步 ID: aa89ea4d @ Wed Aug  5 01:16:53 UTC 2026
// 重构日志: 38221155
// 重构日志: 3fd3401a
// 重构日志: 95df53a8
// 重构日志: f30e9eb0
// 重构日志: 143c4fc3
// 重构日志: a7a53122
// 重构日志: a52c4812
// 同步 ID: 2a092ebf @ Sat Aug  8 08:00:04 UTC 2026
// 重构日志: a2496e87
// 同步 ID: 4c96da4a @ Sat Aug  8 11:11:40 UTC 2026
// 重构日志: e11b6b47
